******************************************************************************
                  TI ARM Linker PC v20.2.7                     
******************************************************************************
>> Linked Tue Jan 14 03:58:52 2025

OUTPUT FILE NAME:   <proje5.out>
ENTRY POINT SYMBOL: "_c_int00_noinit_noargs"  address: 00000789


MEMORY CONFIGURATION

         name            origin    length      used     unused   attr    fill
----------------------  --------  ---------  --------  --------  ----  --------
  FLASH                 00000000   00040000  000008c4  0003f73c  R  X
  SRAM                  20000000   00008000  00000200  00007e00  RW X


SEGMENT ALLOCATION MAP

run origin  load origin   length   init length attrs members
----------  ----------- ---------- ----------- ----- -------
00000000    00000000    000008c4   000008c4    r-x
  00000000    00000000    0000026c   0000026c    r-- .intvecs
  0000026c    0000026c    000005ec   000005ec    r-x .text
  00000858    00000858    0000006c   0000006c    r-- .const
20000000    20000000    00000200   00000000    rw-
  20000000    20000000    00000200   00000000    rw- .stack


SECTION ALLOCATION MAP

 output                                  attributes/
section   page    origin      length       input sections
--------  ----  ----------  ----------   ----------------
.intvecs   0    00000000    0000026c     
                  00000000    0000026c     tm4c123gh6pm_startup_ccs.obj (.intvecs)

.text      0    0000026c    000005ec     
                  0000026c    0000016c     driverlib.lib : gpio.obj (.text:GPIOPadConfigSet)
                  000003d8    00000118                   : sysctl.obj (.text:SysCtlClockGet)
                  000004f0    000000f4                   : sysctl.obj (.text:SysCtlClockSet)
                  000005e4    0000007c     main.obj (.text)
                  00000660    00000064     driverlib.lib : hibernate.obj (.text:HibernateWakeSet)
                  000006c4    00000038                   : sysctl.obj (.text:SysCtlPeripheralReady)
                  000006fc    00000034                   : sysctl.obj (.text:SysCtlPeripheralEnable)
                  00000730    0000002c                   : gpio.obj (.text:GPIODirModeSet)
                  0000075c    0000002c                   : hibernate.obj (.text:HibernateRTCSet)
                  00000788    0000002c     rtsv7M4_T_le_v4SPD16_eabi.lib : boot_cortex_m.c.obj (.text:_c_int00_noinit_noargs:_c_int00_noinit_noargs)
                  000007b4    0000001a     driverlib.lib : gpio.obj (.text:GPIOPinTypeGPIOOutput)
                  000007ce    00000002     --HOLE-- [fill = 0]
                  000007d0    00000014                   : hibernate.obj (.text:HibernateEnableExpClk)
                  000007e4    00000014                   : hibernate.obj (.text:HibernateRTCEnable)
                  000007f8    00000014                   : hibernate.obj (.text:HibernateRequest)
                  0000080c    00000010                   : hibernate.obj (.text:HibernateRTCMatchSet)
                  0000081c    00000010                   : hibernate.obj (.text:_HibernateWriteComplete)
                  0000082c    0000000c                   : hibernate.obj (.text:HibernateRTCGet)
                  00000838    0000000c     tm4c123gh6pm_startup_ccs.obj (.text)
                  00000844    00000006     driverlib.lib : gpio.obj (.text:GPIOPinWrite)
                  0000084a    00000006                   : sysctl.obj (.text:SysCtlDelay)
                  00000850    00000004     rtsv7M4_T_le_v4SPD16_eabi.lib : pre_init.c.obj (.text:_system_pre_init)
                  00000854    00000004                                   : exit.c.obj (.text:abort:abort)

.const     0    00000858    0000006c     
                  00000858    0000006c     driverlib.lib : sysctl.obj (.const:g_pui32Xtals)

.cinit     0    00000000    00000000     UNINITIALIZED

.init_array 
*          0    00000000    00000000     UNINITIALIZED

.stack     0    20000000    00000200     UNINITIALIZED
                  20000000    00000004     rtsv7M4_T_le_v4SPD16_eabi.lib : boot_cortex_m.c.obj (.stack)
                  20000004    000001fc     --HOLE--

__llvm_prf_cnts 
*          0    20000000    00000000     UNINITIALIZED

MODULE SUMMARY

       Module                         code   ro data   rw data
       ------                         ----   -------   -------
    .\
       tm4c123gh6pm_startup_ccs.obj   12     620       0      
       main.obj                       124    0         0      
    +--+------------------------------+------+---------+---------+
       Total:                         136    620       0      
                                                              
    C:/ti/TivaWare_C_Series-2.2.0.295/driverlib/ccs/Debug/driverlib.lib
       sysctl.obj                     638    108       0      
       gpio.obj                       440    0         0      
       hibernate.obj                  248    0         0      
    +--+------------------------------+------+---------+---------+
       Total:                         1326   108       0      
                                                              
    C:\ti\ccs1281\ccs\tools\compiler\ti-cgt-arm_20.2.7.LTS\lib\rtsv7M4_T_le_v4SPD16_eabi.lib
       boot_cortex_m.c.obj            44     0         0      
       exit.c.obj                     4      0         0      
       pre_init.c.obj                 4      0         0      
    +--+------------------------------+------+---------+---------+
       Total:                         52     0         0      
                                                              
       Stack:                         0      0         512    
    +--+------------------------------+------+---------+---------+
       Grand Total:                   1514   728       512    


GLOBAL SYMBOLS: SORTED ALPHABETICALLY BY Name 

address   name                   
-------   ----                   
00000855  C$$EXIT                
00000731  GPIODirModeSet         
0000026d  GPIOPadConfigSet       
000007b5  GPIOPinTypeGPIOOutput  
00000845  GPIOPinWrite           
000007d1  HibernateEnableExpClk  
000007e5  HibernateRTCEnable     
0000082d  HibernateRTCGet        
0000080d  HibernateRTCMatchSet   
0000075d  HibernateRTCSet        
000007f9  HibernateRequest       
00000661  HibernateWakeSet       
00000839  ResetISR               
000003d9  SysCtlClockGet         
000004f1  SysCtlClockSet         
0000084b  SysCtlDelay            
000006fd  SysCtlPeripheralEnable 
000006c5  SysCtlPeripheralReady  
20000200  __STACK_END            
00000200  __STACK_SIZE           
20000200  __STACK_TOP            
ffffffff  __TI_pprof_out_hndl    
ffffffff  __TI_prof_data_size    
ffffffff  __TI_prof_data_start   
00000000  __TI_static_base__     
ffffffff  __binit__              
ffffffff  __c_args__             
UNDEFED   __mpu_init             
20000000  __stack                
20000000  __start___llvm_prf_cnts
20000000  __stop___llvm_prf_cnts 
00000789  _c_int00_noinit_noargs 
00000851  _system_pre_init       
00000855  abort                  
ffffffff  binit                  
00000000  g_pfnVectors           
000005e5  main                   


GLOBAL SYMBOLS: SORTED BY Symbol Address 

address   name                   
-------   ----                   
00000000  __TI_static_base__     
00000000  g_pfnVectors           
00000200  __STACK_SIZE           
0000026d  GPIOPadConfigSet       
000003d9  SysCtlClockGet         
000004f1  SysCtlClockSet         
000005e5  main                   
00000661  HibernateWakeSet       
000006c5  SysCtlPeripheralReady  
000006fd  SysCtlPeripheralEnable 
00000731  GPIODirModeSet         
0000075d  HibernateRTCSet        
00000789  _c_int00_noinit_noargs 
000007b5  GPIOPinTypeGPIOOutput  
000007d1  HibernateEnableExpClk  
000007e5  HibernateRTCEnable     
000007f9  HibernateRequest       
0000080d  HibernateRTCMatchSet   
0000082d  HibernateRTCGet        
00000839  ResetISR               
00000845  GPIOPinWrite           
0000084b  SysCtlDelay            
00000851  _system_pre_init       
00000855  C$$EXIT                
00000855  abort                  
20000000  __stack                
20000000  __start___llvm_prf_cnts
20000000  __stop___llvm_prf_cnts 
20000200  __STACK_END            
20000200  __STACK_TOP            
ffffffff  __TI_pprof_out_hndl    
ffffffff  __TI_prof_data_size    
ffffffff  __TI_prof_data_start   
ffffffff  __binit__              
ffffffff  __c_args__             
ffffffff  binit                  
UNDEFED   __mpu_init             

[37 symbols]
